// Jest Snapshot v1, https://goo.gl/fbAQLP

exports[`<Footer /> Footer Snapshot 1`] = `
<footer
  className="footer"
>
  <a
    className="footer--anchor"
    href="/"
  >
    Terminos de uso
  </a>
  <a
    className="footer--anchor"
    href="/"
  >
    Declaraci√≥n de privacidad
  </a>
  <a
    className="footer--anchor"
    href="/"
  >
    Centro de ayuda
  </a>
</footer>
`;
